// Jest Snapshot v1, https://goo.gl/fbAQLP

exports[`<Button/> match to snapshot 1`] = `
<button
  class="text-black font-sans font-semibold py-3 px-4 bg-cyan-500 rounded text-sm w-full hover:bg-cyan-300 transition-colors delay-75 focus:ring-2 focus:ring-cyan-500 focus:outline-cyan-300 "
>
  Text
</button>
`;
